Analysis & Synthesis report for ReactionGame
Wed May 29 15:51:08 2024
Quartus Prime Version 22.1std.2 Build 922 07/20/2023 SC Lite Edition


---------------------
; Table of Contents ;
---------------------
  1. Legal Notice
  2. Analysis & Synthesis Summary
  3. Analysis & Synthesis Settings
  4. Parallel Compilation
  5. Analysis & Synthesis Source Files Read
  6. Analysis & Synthesis Resource Usage Summary
  7. Analysis & Synthesis Resource Utilization by Entity
  8. General Register Statistics
  9. Inverted Register Statistics
 10. Multiplexer Restructuring Statistics (Restructuring Performed)
 11. Parameter Settings for User Entity Instance: BlinkGen:one_sec_blinker
 12. Parameter Settings for User Entity Instance: Debouncer:debounce1
 13. Parameter Settings for User Entity Instance: TargetScoreSetter:target_setter|CounterNBits:target_counter
 14. Parameter Settings for Inferred Entity Instance: ScoreDisplay:target_display|Bin2BCD:bin2bcd|lpm_divide:Mod0
 15. Parameter Settings for Inferred Entity Instance: ScoreDisplay:target_display|Bin2BCD:bin2bcd|lpm_divide:Div0
 16. Port Connectivity Checks: "ScoreDisplay:target_display|Bin7SegDecoder:uni_7seg"
 17. Port Connectivity Checks: "ScoreDisplay:target_display|Bin7SegDecoder:ten_7seg"
 18. Port Connectivity Checks: "ScoreDisplay:target_display"
 19. Port Connectivity Checks: "TargetScoreSetter:target_setter|CounterNBits:target_counter"
 20. Post-Synthesis Netlist Statistics for Top Partition
 21. Elapsed Time Per Partition
 22. Analysis & Synthesis Messages



----------------
; Legal Notice ;
----------------
Copyright (C) 2023  Intel Corporation. All rights reserved.
Your use of Intel Corporation's design tools, logic functions 
and other software and tools, and any partner logic 
functions, and any output files from any of the foregoing 
(including device programming or simulation files), and any 
associated documentation or information are expressly subject 
to the terms and conditions of the Intel Program License 
Subscription Agreement, the Intel Quartus Prime License Agreement,
the Intel FPGA IP License Agreement, or other applicable license
agreement, including, without limitation, that your use is for
the sole purpose of programming logic devices manufactured by
Intel and sold by Intel or its authorized distributors.  Please
refer to the applicable agreement for further details, at
https://fpgasoftware.intel.com/eula.



+-------------------------------------------------------------------------------------+
; Analysis & Synthesis Summary                                                        ;
+------------------------------------+------------------------------------------------+
; Analysis & Synthesis Status        ; Successful - Wed May 29 15:51:08 2024          ;
; Quartus Prime Version              ; 22.1std.2 Build 922 07/20/2023 SC Lite Edition ;
; Revision Name                      ; ReactionGame                                   ;
; Top-level Entity Name              ; ConfController                                 ;
; Family                             ; Cyclone IV E                                   ;
; Total logic elements               ; 212                                            ;
;     Total combinational functions  ; 211                                            ;
;     Dedicated logic registers      ; 58                                             ;
; Total registers                    ; 58                                             ;
; Total pins                         ; 45                                             ;
; Total virtual pins                 ; 0                                              ;
; Total memory bits                  ; 0                                              ;
; Embedded Multiplier 9-bit elements ; 0                                              ;
; Total PLLs                         ; 0                                              ;
+------------------------------------+------------------------------------------------+


+------------------------------------------------------------------------------------------------------------+
; Analysis & Synthesis Settings                                                                              ;
+------------------------------------------------------------------+--------------------+--------------------+
; Option                                                           ; Setting            ; Default Value      ;
+------------------------------------------------------------------+--------------------+--------------------+
; Device                                                           ; EP4CE115F29C7      ;                    ;
; Top-level entity name                                            ; ConfController     ; ReactionGame       ;
; Family name                                                      ; Cyclone IV E       ; Cyclone V          ;
; Use smart compilation                                            ; Off                ; Off                ;
; Enable parallel Assembler and Timing Analyzer during compilation ; On                 ; On                 ;
; Enable compact report table                                      ; Off                ; Off                ;
; Restructure Multiplexers                                         ; Auto               ; Auto               ;
; Create Debugging Nodes for IP Cores                              ; Off                ; Off                ;
; Preserve fewer node names                                        ; On                 ; On                 ;
; Intel FPGA IP Evaluation Mode                                    ; Enable             ; Enable             ;
; Verilog Version                                                  ; Verilog_2001       ; Verilog_2001       ;
; VHDL Version                                                     ; VHDL_1993          ; VHDL_1993          ;
; State Machine Processing                                         ; Auto               ; Auto               ;
; Safe State Machine                                               ; Off                ; Off                ;
; Extract Verilog State Machines                                   ; On                 ; On                 ;
; Extract VHDL State Machines                                      ; On                 ; On                 ;
; Ignore Verilog initial constructs                                ; Off                ; Off                ;
; Iteration limit for constant Verilog loops                       ; 5000               ; 5000               ;
; Iteration limit for non-constant Verilog loops                   ; 250                ; 250                ;
; Add Pass-Through Logic to Inferred RAMs                          ; On                 ; On                 ;
; Infer RAMs from Raw Logic                                        ; On                 ; On                 ;
; Parallel Synthesis                                               ; On                 ; On                 ;
; DSP Block Balancing                                              ; Auto               ; Auto               ;
; NOT Gate Push-Back                                               ; On                 ; On                 ;
; Power-Up Don't Care                                              ; On                 ; On                 ;
; Remove Redundant Logic Cells                                     ; Off                ; Off                ;
; Remove Duplicate Registers                                       ; On                 ; On                 ;
; Ignore CARRY Buffers                                             ; Off                ; Off                ;
; Ignore CASCADE Buffers                                           ; Off                ; Off                ;
; Ignore GLOBAL Buffers                                            ; Off                ; Off                ;
; Ignore ROW GLOBAL Buffers                                        ; Off                ; Off                ;
; Ignore LCELL Buffers                                             ; Off                ; Off                ;
; Ignore SOFT Buffers                                              ; On                 ; On                 ;
; Limit AHDL Integers to 32 Bits                                   ; Off                ; Off                ;
; Optimization Technique                                           ; Balanced           ; Balanced           ;
; Carry Chain Length                                               ; 70                 ; 70                 ;
; Auto Carry Chains                                                ; On                 ; On                 ;
; Auto Open-Drain Pins                                             ; On                 ; On                 ;
; Perform WYSIWYG Primitive Resynthesis                            ; Off                ; Off                ;
; Auto ROM Replacement                                             ; On                 ; On                 ;
; Auto RAM Replacement                                             ; On                 ; On                 ;
; Auto DSP Block Replacement                                       ; On                 ; On                 ;
; Auto Shift Register Replacement                                  ; Auto               ; Auto               ;
; Allow Shift Register Merging across Hierarchies                  ; Auto               ; Auto               ;
; Auto Clock Enable Replacement                                    ; On                 ; On                 ;
; Strict RAM Replacement                                           ; Off                ; Off                ;
; Allow Synchronous Control Signals                                ; On                 ; On                 ;
; Force Use of Synchronous Clear Signals                           ; Off                ; Off                ;
; Auto RAM Block Balancing                                         ; On                 ; On                 ;
; Auto RAM to Logic Cell Conversion                                ; Off                ; Off                ;
; Auto Resource Sharing                                            ; Off                ; Off                ;
; Allow Any RAM Size For Recognition                               ; Off                ; Off                ;
; Allow Any ROM Size For Recognition                               ; Off                ; Off                ;
; Allow Any Shift Register Size For Recognition                    ; Off                ; Off                ;
; Use LogicLock Constraints during Resource Balancing              ; On                 ; On                 ;
; Ignore translate_off and synthesis_off directives                ; Off                ; Off                ;
; Timing-Driven Synthesis                                          ; On                 ; On                 ;
; Report Parameter Settings                                        ; On                 ; On                 ;
; Report Source Assignments                                        ; On                 ; On                 ;
; Report Connectivity Checks                                       ; On                 ; On                 ;
; Ignore Maximum Fan-Out Assignments                               ; Off                ; Off                ;
; Synchronization Register Chain Length                            ; 2                  ; 2                  ;
; Power Optimization During Synthesis                              ; Normal compilation ; Normal compilation ;
; HDL message level                                                ; Level2             ; Level2             ;
; Suppress Register Optimization Related Messages                  ; Off                ; Off                ;
; Number of Removed Registers Reported in Synthesis Report         ; 5000               ; 5000               ;
; Number of Swept Nodes Reported in Synthesis Report               ; 5000               ; 5000               ;
; Number of Inverted Registers Reported in Synthesis Report        ; 100                ; 100                ;
; Clock MUX Protection                                             ; On                 ; On                 ;
; Auto Gated Clock Conversion                                      ; Off                ; Off                ;
; Block Design Naming                                              ; Auto               ; Auto               ;
; SDC constraint protection                                        ; Off                ; Off                ;
; Synthesis Effort                                                 ; Auto               ; Auto               ;
; Shift Register Replacement - Allow Asynchronous Clear Signal     ; On                 ; On                 ;
; Pre-Mapping Resynthesis Optimization                             ; Off                ; Off                ;
; Analysis & Synthesis Message Level                               ; Medium             ; Medium             ;
; Disable Register Merging Across Hierarchies                      ; Auto               ; Auto               ;
; Resource Aware Inference For Block RAM                           ; On                 ; On                 ;
+------------------------------------------------------------------+--------------------+--------------------+


+------------------------------------------+
; Parallel Compilation                     ;
+----------------------------+-------------+
; Processors                 ; Number      ;
+----------------------------+-------------+
; Number detected on machine ; 8           ;
; Maximum allowed            ; 4           ;
;                            ;             ;
; Average used               ; 1.00        ;
; Maximum used               ; 4           ;
;                            ;             ;
; Usage by Processor         ; % Time Used ;
;     Processor 1            ; 100.0%      ;
;     Processor 2            ;   0.0%      ;
;     Processors 3-4         ;   0.0%      ;
+----------------------------+-------------+


+-----------------------------------------------------------------------------------------------------------------------------------------------------------------------------------------+
; Analysis & Synthesis Source Files Read                                                                                                                                                  ;
+----------------------------------+-----------------+------------------------------+-------------------------------------------------------------------------------------------+---------+
; File Name with User-Entered Path ; Used in Netlist ; File Type                    ; File Name with Absolute Path                                                              ; Library ;
+----------------------------------+-----------------+------------------------------+-------------------------------------------------------------------------------------------+---------+
; CounterNBits.vhd                 ; yes             ; User VHDL File               ; /home/penacho/LSD/LSD-final-project/Fase4/CounterNBits.vhd                                ;         ;
; Bin2BCD.vhd                      ; yes             ; User VHDL File               ; /home/penacho/LSD/LSD-final-project/Fase4/Bin2BCD.vhd                                     ;         ;
; Debouncer.vhd                    ; yes             ; User VHDL File               ; /home/penacho/LSD/LSD-final-project/Fase4/Debouncer.vhd                                   ;         ;
; Bin7SegDecoder.vhd               ; yes             ; User VHDL File               ; /home/penacho/LSD/LSD-final-project/Fase4/Bin7SegDecoder.vhd                              ;         ;
; ScoreDisplay.vhd                 ; yes             ; User VHDL File               ; /home/penacho/LSD/LSD-final-project/Fase4/ScoreDisplay.vhd                                ;         ;
; TargetScoreSetter.vhd            ; yes             ; User VHDL File               ; /home/penacho/LSD/LSD-final-project/Fase4/TargetScoreSetter.vhd                           ;         ;
; ConfController.vhd               ; yes             ; User VHDL File               ; /home/penacho/LSD/LSD-final-project/Fase4/ConfController.vhd                              ;         ;
; BlinkGen.vhd                     ; yes             ; User VHDL File               ; /home/penacho/LSD/LSD-final-project/Fase4/BlinkGen.vhd                                    ;         ;
; lpm_divide.tdf                   ; yes             ; Megafunction                 ; /home/penacho/.intel_fpga_lite/22.1.2/quartus/libraries/megafunctions/lpm_divide.tdf      ;         ;
; abs_divider.inc                  ; yes             ; Megafunction                 ; /home/penacho/.intel_fpga_lite/22.1.2/quartus/libraries/megafunctions/abs_divider.inc     ;         ;
; sign_div_unsign.inc              ; yes             ; Megafunction                 ; /home/penacho/.intel_fpga_lite/22.1.2/quartus/libraries/megafunctions/sign_div_unsign.inc ;         ;
; aglobal221.inc                   ; yes             ; Megafunction                 ; /home/penacho/.intel_fpga_lite/22.1.2/quartus/libraries/megafunctions/aglobal221.inc      ;         ;
; db/lpm_divide_o9m.tdf            ; yes             ; Auto-Generated Megafunction  ; /home/penacho/LSD/LSD-final-project/Fase4/db/lpm_divide_o9m.tdf                           ;         ;
; db/sign_div_unsign_dkh.tdf       ; yes             ; Auto-Generated Megafunction  ; /home/penacho/LSD/LSD-final-project/Fase4/db/sign_div_unsign_dkh.tdf                      ;         ;
; db/alt_u_div_e4f.tdf             ; yes             ; Auto-Generated Megafunction  ; /home/penacho/LSD/LSD-final-project/Fase4/db/alt_u_div_e4f.tdf                            ;         ;
; db/add_sub_7pc.tdf               ; yes             ; Auto-Generated Megafunction  ; /home/penacho/LSD/LSD-final-project/Fase4/db/add_sub_7pc.tdf                              ;         ;
; db/add_sub_8pc.tdf               ; yes             ; Auto-Generated Megafunction  ; /home/penacho/LSD/LSD-final-project/Fase4/db/add_sub_8pc.tdf                              ;         ;
; db/lpm_divide_ihm.tdf            ; yes             ; Auto-Generated Megafunction  ; /home/penacho/LSD/LSD-final-project/Fase4/db/lpm_divide_ihm.tdf                           ;         ;
; db/sign_div_unsign_akh.tdf       ; yes             ; Auto-Generated Megafunction  ; /home/penacho/LSD/LSD-final-project/Fase4/db/sign_div_unsign_akh.tdf                      ;         ;
; db/alt_u_div_84f.tdf             ; yes             ; Auto-Generated Megafunction  ; /home/penacho/LSD/LSD-final-project/Fase4/db/alt_u_div_84f.tdf                            ;         ;
+----------------------------------+-----------------+------------------------------+-------------------------------------------------------------------------------------------+---------+


+--------------------------------------------------------------+
; Analysis & Synthesis Resource Usage Summary                  ;
+---------------------------------------------+----------------+
; Resource                                    ; Usage          ;
+---------------------------------------------+----------------+
; Estimated Total logic elements              ; 212            ;
;                                             ;                ;
; Total combinational functions               ; 211            ;
; Logic element usage by number of LUT inputs ;                ;
;     -- 4 input functions                    ; 65             ;
;     -- 3 input functions                    ; 35             ;
;     -- <=2 input functions                  ; 111            ;
;                                             ;                ;
; Logic elements by mode                      ;                ;
;     -- normal mode                          ; 132            ;
;     -- arithmetic mode                      ; 79             ;
;                                             ;                ;
; Total registers                             ; 58             ;
;     -- Dedicated logic registers            ; 58             ;
;     -- I/O registers                        ; 0              ;
;                                             ;                ;
; I/O pins                                    ; 45             ;
;                                             ;                ;
; Embedded Multiplier 9-bit elements          ; 0              ;
;                                             ;                ;
; Maximum fan-out node                        ; CLOCK_50~input ;
; Maximum fan-out                             ; 58             ;
; Total fan-out                               ; 807            ;
; Average fan-out                             ; 2.25           ;
+---------------------------------------------+----------------+


+----------------------------------------------------------------------------------------------------------------------------------------------------------------------------------------------------------------------------------------------------------------------------------------------------------------------------------------------------------------------------+
; Analysis & Synthesis Resource Utilization by Entity                                                                                                                                                                                                                                                                                                                        ;
+----------------------------------------------+---------------------+---------------------------+-------------+--------------+---------+-----------+------+--------------+-------------------------------------------------------------------------------------------------------------------------------------------------------------+---------------------+--------------+
; Compilation Hierarchy Node                   ; Combinational ALUTs ; Dedicated Logic Registers ; Memory Bits ; DSP Elements ; DSP 9x9 ; DSP 18x18 ; Pins ; Virtual Pins ; Full Hierarchy Name                                                                                                                                         ; Entity Name         ; Library Name ;
+----------------------------------------------+---------------------+---------------------------+-------------+--------------+---------+-----------+------+--------------+-------------------------------------------------------------------------------------------------------------------------------------------------------------+---------------------+--------------+
; |ConfController                              ; 211 (0)             ; 58 (0)                    ; 0           ; 0            ; 0       ; 0         ; 45   ; 0            ; |ConfController                                                                                                                                             ; ConfController      ; work         ;
;    |BlinkGen:one_sec_blinker|                ; 40 (40)             ; 26 (26)                   ; 0           ; 0            ; 0       ; 0         ; 0    ; 0            ; |ConfController|BlinkGen:one_sec_blinker                                                                                                                    ; BlinkGen            ; work         ;
;    |Debouncer:debounce1|                     ; 69 (69)             ; 26 (26)                   ; 0           ; 0            ; 0       ; 0         ; 0    ; 0            ; |ConfController|Debouncer:debounce1                                                                                                                         ; Debouncer           ; work         ;
;    |ScoreDisplay:target_display|             ; 87 (0)              ; 0 (0)                     ; 0           ; 0            ; 0       ; 0         ; 0    ; 0            ; |ConfController|ScoreDisplay:target_display                                                                                                                 ; ScoreDisplay        ; work         ;
;       |Bin2BCD:bin2bcd|                      ; 73 (0)              ; 0 (0)                     ; 0           ; 0            ; 0       ; 0         ; 0    ; 0            ; |ConfController|ScoreDisplay:target_display|Bin2BCD:bin2bcd                                                                                                 ; Bin2BCD             ; work         ;
;          |lpm_divide:Div0|                   ; 31 (0)              ; 0 (0)                     ; 0           ; 0            ; 0       ; 0         ; 0    ; 0            ; |ConfController|ScoreDisplay:target_display|Bin2BCD:bin2bcd|lpm_divide:Div0                                                                                 ; lpm_divide          ; work         ;
;             |lpm_divide_ihm:auto_generated|  ; 31 (0)              ; 0 (0)                     ; 0           ; 0            ; 0       ; 0         ; 0    ; 0            ; |ConfController|ScoreDisplay:target_display|Bin2BCD:bin2bcd|lpm_divide:Div0|lpm_divide_ihm:auto_generated                                                   ; lpm_divide_ihm      ; work         ;
;                |sign_div_unsign_akh:divider| ; 31 (0)              ; 0 (0)                     ; 0           ; 0            ; 0       ; 0         ; 0    ; 0            ; |ConfController|ScoreDisplay:target_display|Bin2BCD:bin2bcd|lpm_divide:Div0|lpm_divide_ihm:auto_generated|sign_div_unsign_akh:divider                       ; sign_div_unsign_akh ; work         ;
;                   |alt_u_div_84f:divider|    ; 31 (31)             ; 0 (0)                     ; 0           ; 0            ; 0       ; 0         ; 0    ; 0            ; |ConfController|ScoreDisplay:target_display|Bin2BCD:bin2bcd|lpm_divide:Div0|lpm_divide_ihm:auto_generated|sign_div_unsign_akh:divider|alt_u_div_84f:divider ; alt_u_div_84f       ; work         ;
;          |lpm_divide:Mod0|                   ; 42 (0)              ; 0 (0)                     ; 0           ; 0            ; 0       ; 0         ; 0    ; 0            ; |ConfController|ScoreDisplay:target_display|Bin2BCD:bin2bcd|lpm_divide:Mod0                                                                                 ; lpm_divide          ; work         ;
;             |lpm_divide_o9m:auto_generated|  ; 42 (0)              ; 0 (0)                     ; 0           ; 0            ; 0       ; 0         ; 0    ; 0            ; |ConfController|ScoreDisplay:target_display|Bin2BCD:bin2bcd|lpm_divide:Mod0|lpm_divide_o9m:auto_generated                                                   ; lpm_divide_o9m      ; work         ;
;                |sign_div_unsign_dkh:divider| ; 42 (0)              ; 0 (0)                     ; 0           ; 0            ; 0       ; 0         ; 0    ; 0            ; |ConfController|ScoreDisplay:target_display|Bin2BCD:bin2bcd|lpm_divide:Mod0|lpm_divide_o9m:auto_generated|sign_div_unsign_dkh:divider                       ; sign_div_unsign_dkh ; work         ;
;                   |alt_u_div_e4f:divider|    ; 42 (42)             ; 0 (0)                     ; 0           ; 0            ; 0       ; 0         ; 0    ; 0            ; |ConfController|ScoreDisplay:target_display|Bin2BCD:bin2bcd|lpm_divide:Mod0|lpm_divide_o9m:auto_generated|sign_div_unsign_dkh:divider|alt_u_div_e4f:divider ; alt_u_div_e4f       ; work         ;
;       |Bin7SegDecoder:ten_7seg|              ; 7 (7)               ; 0 (0)                     ; 0           ; 0            ; 0       ; 0         ; 0    ; 0            ; |ConfController|ScoreDisplay:target_display|Bin7SegDecoder:ten_7seg                                                                                         ; Bin7SegDecoder      ; work         ;
;       |Bin7SegDecoder:uni_7seg|              ; 7 (7)               ; 0 (0)                     ; 0           ; 0            ; 0       ; 0         ; 0    ; 0            ; |ConfController|ScoreDisplay:target_display|Bin7SegDecoder:uni_7seg                                                                                         ; Bin7SegDecoder      ; work         ;
;    |TargetScoreSetter:target_setter|         ; 15 (0)              ; 6 (0)                     ; 0           ; 0            ; 0       ; 0         ; 0    ; 0            ; |ConfController|TargetScoreSetter:target_setter                                                                                                             ; TargetScoreSetter   ; work         ;
;       |CounterNBits:target_counter|          ; 15 (15)             ; 6 (6)                     ; 0           ; 0            ; 0       ; 0         ; 0    ; 0            ; |ConfController|TargetScoreSetter:target_setter|CounterNBits:target_counter                                                                                 ; CounterNBits        ; work         ;
+----------------------------------------------+---------------------+---------------------------+-------------+--------------+---------+-----------+------+--------------+-------------------------------------------------------------------------------------------------------------------------------------------------------------+---------------------+--------------+
Note: For table entries with two numbers listed, the numbers in parentheses indicate the number of resources of the given type used by the specific entity alone. The numbers listed outside of parentheses indicate the total resources of the given type used by the specific entity and all of its sub-entities in the hierarchy.


+------------------------------------------------------+
; General Register Statistics                          ;
+----------------------------------------------+-------+
; Statistic                                    ; Value ;
+----------------------------------------------+-------+
; Total registers                              ; 58    ;
; Number of registers using Synchronous Clear  ; 26    ;
; Number of registers using Synchronous Load   ; 0     ;
; Number of registers using Asynchronous Clear ; 0     ;
; Number of registers using Asynchronous Load  ; 0     ;
; Number of registers using Clock Enable       ; 23    ;
; Number of registers using Preset             ; 0     ;
+----------------------------------------------+-------+


+------------------------------------------------------------------------------------+
; Inverted Register Statistics                                                       ;
+--------------------------------------------------------------------------+---------+
; Inverted Register                                                        ; Fan out ;
+--------------------------------------------------------------------------+---------+
; TargetScoreSetter:target_setter|CounterNBits:target_counter|cnt_value[0] ; 10      ;
; Total number of inverted registers = 1                                   ;         ;
+--------------------------------------------------------------------------+---------+


+--------------------------------------------------------------------------------------------------------------------------------------------------------------------------------------------------------+
; Multiplexer Restructuring Statistics (Restructuring Performed)                                                                                                                                         ;
+--------------------+-----------+---------------+----------------------+------------------------+------------+------------------------------------------------------------------------------------------+
; Multiplexer Inputs ; Bus Width ; Baseline Area ; Area if Restructured ; Saving if Restructured ; Registered ; Example Multiplexer Output                                                               ;
+--------------------+-----------+---------------+----------------------+------------------------+------------+------------------------------------------------------------------------------------------+
; 4:1                ; 5 bits    ; 10 LEs        ; 5 LEs                ; 5 LEs                  ; Yes        ; |ConfController|TargetScoreSetter:target_setter|CounterNBits:target_counter|cnt_value[4] ;
; 5:1                ; 23 bits   ; 69 LEs        ; 46 LEs               ; 23 LEs                 ; Yes        ; |ConfController|Debouncer:debounce1|s_debounceCnt[11]                                    ;
+--------------------+-----------+---------------+----------------------+------------------------+------------+------------------------------------------------------------------------------------------+


+-----------------------------------------------------------------------+
; Parameter Settings for User Entity Instance: BlinkGen:one_sec_blinker ;
+----------------+----------+-------------------------------------------+
; Parameter Name ; Value    ; Type                                      ;
+----------------+----------+-------------------------------------------+
; steps          ; 50000000 ; Signed Integer                            ;
+----------------+----------+-------------------------------------------+
Note: In order to hide this table in the UI and the text report file, please set the "Show Parameter Settings in Synthesis Report" option in "Analysis and Synthesis Settings -> More Settings" to "Off".


+------------------------------------------------------------------+
; Parameter Settings for User Entity Instance: Debouncer:debounce1 ;
+----------------+-------+-----------------------------------------+
; Parameter Name ; Value ; Type                                    ;
+----------------+-------+-----------------------------------------+
; khzclkfreq     ; 50000 ; Signed Integer                          ;
; msecmininwidth ; 100   ; Signed Integer                          ;
; inpolarity     ; '0'   ; Enumerated                              ;
; outpolarity    ; '1'   ; Enumerated                              ;
+----------------+-------+-----------------------------------------+
Note: In order to hide this table in the UI and the text report file, please set the "Show Parameter Settings in Synthesis Report" option in "Analysis and Synthesis Settings -> More Settings" to "Off".


+----------------------------------------------------------------------------------------------------------+
; Parameter Settings for User Entity Instance: TargetScoreSetter:target_setter|CounterNBits:target_counter ;
+----------------+-------+---------------------------------------------------------------------------------+
; Parameter Name ; Value ; Type                                                                            ;
+----------------+-------+---------------------------------------------------------------------------------+
; n              ; 6     ; Signed Integer                                                                  ;
; min            ; 1     ; Signed Integer                                                                  ;
; max            ; 50    ; Signed Integer                                                                  ;
+----------------+-------+---------------------------------------------------------------------------------+
Note: In order to hide this table in the UI and the text report file, please set the "Show Parameter Settings in Synthesis Report" option in "Analysis and Synthesis Settings -> More Settings" to "Off".


+--------------------------------------------------------------------------------------------------------------+
; Parameter Settings for Inferred Entity Instance: ScoreDisplay:target_display|Bin2BCD:bin2bcd|lpm_divide:Mod0 ;
+------------------------+----------------+--------------------------------------------------------------------+
; Parameter Name         ; Value          ; Type                                                               ;
+------------------------+----------------+--------------------------------------------------------------------+
; LPM_WIDTHN             ; 7              ; Untyped                                                            ;
; LPM_WIDTHD             ; 7              ; Untyped                                                            ;
; LPM_NREPRESENTATION    ; UNSIGNED       ; Untyped                                                            ;
; LPM_DREPRESENTATION    ; UNSIGNED       ; Untyped                                                            ;
; LPM_PIPELINE           ; 0              ; Untyped                                                            ;
; LPM_REMAINDERPOSITIVE  ; TRUE           ; Untyped                                                            ;
; MAXIMIZE_SPEED         ; 5              ; Untyped                                                            ;
; CBXI_PARAMETER         ; lpm_divide_o9m ; Untyped                                                            ;
; CARRY_CHAIN            ; MANUAL         ; Untyped                                                            ;
; OPTIMIZE_FOR_SPEED     ; 5              ; Untyped                                                            ;
; AUTO_CARRY_CHAINS      ; ON             ; AUTO_CARRY                                                         ;
; IGNORE_CARRY_BUFFERS   ; OFF            ; IGNORE_CARRY                                                       ;
; AUTO_CASCADE_CHAINS    ; ON             ; AUTO_CASCADE                                                       ;
; IGNORE_CASCADE_BUFFERS ; OFF            ; IGNORE_CASCADE                                                     ;
+------------------------+----------------+--------------------------------------------------------------------+
Note: In order to hide this table in the UI and the text report file, please set the "Show Parameter Settings in Synthesis Report" option in "Analysis and Synthesis Settings -> More Settings" to "Off".


+--------------------------------------------------------------------------------------------------------------+
; Parameter Settings for Inferred Entity Instance: ScoreDisplay:target_display|Bin2BCD:bin2bcd|lpm_divide:Div0 ;
+------------------------+----------------+--------------------------------------------------------------------+
; Parameter Name         ; Value          ; Type                                                               ;
+------------------------+----------------+--------------------------------------------------------------------+
; LPM_WIDTHN             ; 7              ; Untyped                                                            ;
; LPM_WIDTHD             ; 4              ; Untyped                                                            ;
; LPM_NREPRESENTATION    ; UNSIGNED       ; Untyped                                                            ;
; LPM_DREPRESENTATION    ; UNSIGNED       ; Untyped                                                            ;
; LPM_PIPELINE           ; 0              ; Untyped                                                            ;
; LPM_REMAINDERPOSITIVE  ; TRUE           ; Untyped                                                            ;
; MAXIMIZE_SPEED         ; 5              ; Untyped                                                            ;
; CBXI_PARAMETER         ; lpm_divide_ihm ; Untyped                                                            ;
; CARRY_CHAIN            ; MANUAL         ; Untyped                                                            ;
; OPTIMIZE_FOR_SPEED     ; 5              ; Untyped                                                            ;
; AUTO_CARRY_CHAINS      ; ON             ; AUTO_CARRY                                                         ;
; IGNORE_CARRY_BUFFERS   ; OFF            ; IGNORE_CARRY                                                       ;
; AUTO_CASCADE_CHAINS    ; ON             ; AUTO_CASCADE                                                       ;
; IGNORE_CASCADE_BUFFERS ; OFF            ; IGNORE_CASCADE                                                     ;
+------------------------+----------------+--------------------------------------------------------------------+
Note: In order to hide this table in the UI and the text report file, please set the "Show Parameter Settings in Synthesis Report" option in "Analysis and Synthesis Settings -> More Settings" to "Off".


+---------------------------------------------------------------------------------+
; Port Connectivity Checks: "ScoreDisplay:target_display|Bin7SegDecoder:uni_7seg" ;
+--------+-------+----------+-----------------------------------------------------+
; Port   ; Type  ; Severity ; Details                                             ;
+--------+-------+----------+-----------------------------------------------------+
; enable ; Input ; Info     ; Stuck at VCC                                        ;
+--------+-------+----------+-----------------------------------------------------+


+---------------------------------------------------------------------------------+
; Port Connectivity Checks: "ScoreDisplay:target_display|Bin7SegDecoder:ten_7seg" ;
+--------+-------+----------+-----------------------------------------------------+
; Port   ; Type  ; Severity ; Details                                             ;
+--------+-------+----------+-----------------------------------------------------+
; enable ; Input ; Info     ; Stuck at VCC                                        ;
+--------+-------+----------+-----------------------------------------------------+


+---------------------------------------------------------+
; Port Connectivity Checks: "ScoreDisplay:target_display" ;
+----------+-------+----------+---------------------------+
; Port     ; Type  ; Severity ; Details                   ;
+----------+-------+----------+---------------------------+
; score[6] ; Input ; Info     ; Stuck at GND              ;
+----------+-------+----------+---------------------------+


+-------------------------------------------------------------------------------------------------------------------+
; Port Connectivity Checks: "TargetScoreSetter:target_setter|CounterNBits:target_counter"                           ;
+---------+--------+----------+-------------------------------------------------------------------------------------+
; Port    ; Type   ; Severity ; Details                                                                             ;
+---------+--------+----------+-------------------------------------------------------------------------------------+
; enable2 ; Input  ; Info     ; Stuck at VCC                                                                        ;
; termcnt ; Output ; Info     ; Connected to dangling logic. Logic that only feeds a dangling port will be removed. ;
+---------+--------+----------+-------------------------------------------------------------------------------------+


+-----------------------------------------------------+
; Post-Synthesis Netlist Statistics for Top Partition ;
+-----------------------+-----------------------------+
; Type                  ; Count                       ;
+-----------------------+-----------------------------+
; boundary_port         ; 45                          ;
; cycloneiii_ff         ; 58                          ;
;     ENA               ; 23                          ;
;     SCLR              ; 26                          ;
;     plain             ; 9                           ;
; cycloneiii_io_obuf    ; 14                          ;
; cycloneiii_lcell_comb ; 213                         ;
;     arith             ; 79                          ;
;         1 data inputs ; 2                           ;
;         2 data inputs ; 59                          ;
;         3 data inputs ; 18                          ;
;     normal            ; 134                         ;
;         0 data inputs ; 8                           ;
;         1 data inputs ; 4                           ;
;         2 data inputs ; 40                          ;
;         3 data inputs ; 17                          ;
;         4 data inputs ; 65                          ;
;                       ;                             ;
; Max LUT depth         ; 8.50                        ;
; Average LUT depth     ; 5.15                        ;
+-----------------------+-----------------------------+


+-------------------------------+
; Elapsed Time Per Partition    ;
+----------------+--------------+
; Partition Name ; Elapsed Time ;
+----------------+--------------+
; Top            ; 00:00:00     ;
+----------------+--------------+


+-------------------------------+
; Analysis & Synthesis Messages ;
+-------------------------------+
Info: *******************************************************************
Info: Running Quartus Prime Analysis & Synthesis
    Info: Version 22.1std.2 Build 922 07/20/2023 SC Lite Edition
    Info: Processing started: Wed May 29 15:51:01 2024
Info: Command: quartus_map --read_settings_files=on --write_settings_files=off ReactionGame -c ReactionGame
Warning (18236): Number of processors has not been specified which may cause overloading on shared machines.  Set the global assignment NUM_PARALLEL_PROCESSORS in your QSF to an appropriate value for best performance.
Info (20030): Parallel compilation is enabled and will use 4 of the 4 processors detected
Info (12021): Found 2 design units, including 1 entities, in source file SingleTurnFSM.vhd
    Info (12022): Found design unit 1: SingleTurnFSM-Behavioral File: /home/penacho/LSD/LSD-final-project/Fase4/SingleTurnFSM.vhd Line: 22
    Info (12023): Found entity 1: SingleTurnFSM File: /home/penacho/LSD/LSD-final-project/Fase4/SingleTurnFSM.vhd Line: 4
Info (12021): Found 2 design units, including 1 entities, in source file CounterNBits.vhd
    Info (12022): Found design unit 1: CounterNBits-Behavioral File: /home/penacho/LSD/LSD-final-project/Fase4/CounterNBits.vhd Line: 21
    Info (12023): Found entity 1: CounterNBits File: /home/penacho/LSD/LSD-final-project/Fase4/CounterNBits.vhd Line: 5
Info (12021): Found 2 design units, including 1 entities, in source file CounterNBits_tb.vhd
    Info (12022): Found design unit 1: CounterNBits_tb-Stimulus File: /home/penacho/LSD/LSD-final-project/Fase4/CounterNBits_tb.vhd Line: 7
    Info (12023): Found entity 1: CounterNBits_tb File: /home/penacho/LSD/LSD-final-project/Fase4/CounterNBits_tb.vhd Line: 4
Info (12021): Found 2 design units, including 1 entities, in source file ReactionGame.vhd
    Info (12022): Found design unit 1: ReactionGame-Structural File: /home/penacho/LSD/LSD-final-project/Fase4/ReactionGame.vhd Line: 18
    Info (12023): Found entity 1: ReactionGame File: /home/penacho/LSD/LSD-final-project/Fase4/ReactionGame.vhd Line: 4
Info (12021): Found 1 design units, including 1 entities, in source file toplevel_schematic.bdf
    Info (12023): Found entity 1: toplevel_schematic
Info (12021): Found 2 design units, including 1 entities, in source file TimerAuxFSM.vhd
    Info (12022): Found design unit 1: TimerAuxFSM-Behavioral File: /home/penacho/LSD/LSD-final-project/Fase4/TimerAuxFSM.vhd Line: 15
    Info (12023): Found entity 1: TimerAuxFSM File: /home/penacho/LSD/LSD-final-project/Fase4/TimerAuxFSM.vhd Line: 5
Info (12021): Found 2 design units, including 1 entities, in source file Bin2BCD.vhd
    Info (12022): Found design unit 1: Bin2BCD-Behavioral File: /home/penacho/LSD/LSD-final-project/Fase4/Bin2BCD.vhd Line: 13
    Info (12023): Found entity 1: Bin2BCD File: /home/penacho/LSD/LSD-final-project/Fase4/Bin2BCD.vhd Line: 5
Info (12021): Found 2 design units, including 1 entities, in source file Bin2BCD_tb.vhd
    Info (12022): Found design unit 1: Bin2BCD_tb-Stimulus File: /home/penacho/LSD/LSD-final-project/Fase4/Bin2BCD_tb.vhd Line: 7
    Info (12023): Found entity 1: Bin2BCD_tb File: /home/penacho/LSD/LSD-final-project/Fase4/Bin2BCD_tb.vhd Line: 4
Info (12021): Found 2 design units, including 1 entities, in source file ReactionGame_Demo.vhd
    Info (12022): Found design unit 1: ReactionGame_Demo-Structural File: /home/penacho/LSD/LSD-final-project/Fase4/ReactionGame_Demo.vhd Line: 20
    Info (12023): Found entity 1: ReactionGame_Demo File: /home/penacho/LSD/LSD-final-project/Fase4/ReactionGame_Demo.vhd Line: 4
Info (12021): Found 1 design units, including 1 entities, in source file demo_schematic.bdf
    Info (12023): Found entity 1: demo_schematic
Info (12021): Found 2 design units, including 1 entities, in source file Debouncer.vhd
    Info (12022): Found design unit 1: Debouncer-Behavioral File: /home/penacho/LSD/LSD-final-project/Fase4/Debouncer.vhd Line: 15
    Info (12023): Found entity 1: Debouncer File: /home/penacho/LSD/LSD-final-project/Fase4/Debouncer.vhd Line: 5
Info (12021): Found 2 design units, including 1 entities, in source file Bin7SegDecoder.vhd
    Info (12022): Found design unit 1: Bin7SegDecoder-Behavioral File: /home/penacho/LSD/LSD-final-project/Fase4/Bin7SegDecoder.vhd Line: 10
    Info (12023): Found entity 1: Bin7SegDecoder File: /home/penacho/LSD/LSD-final-project/Fase4/Bin7SegDecoder.vhd Line: 4
Info (12021): Found 2 design units, including 1 entities, in source file ScoreCounter.vhd
    Info (12022): Found design unit 1: ScoreCounter-Behavioral File: /home/penacho/LSD/LSD-final-project/Fase4/ScoreCounter.vhd Line: 17
    Info (12023): Found entity 1: ScoreCounter File: /home/penacho/LSD/LSD-final-project/Fase4/ScoreCounter.vhd Line: 5
Info (12021): Found 2 design units, including 1 entities, in source file ScoreDisplay.vhd
    Info (12022): Found design unit 1: ScoreDisplay-Structural File: /home/penacho/LSD/LSD-final-project/Fase4/ScoreDisplay.vhd Line: 14
    Info (12023): Found entity 1: ScoreDisplay File: /home/penacho/LSD/LSD-final-project/Fase4/ScoreDisplay.vhd Line: 6
Info (12021): Found 2 design units, including 1 entities, in source file ScoreUnit.vhd
    Info (12022): Found design unit 1: ScoreUnit-Structural File: /home/penacho/LSD/LSD-final-project/Fase4/ScoreUnit.vhd Line: 19
    Info (12023): Found entity 1: ScoreUnit File: /home/penacho/LSD/LSD-final-project/Fase4/ScoreUnit.vhd Line: 5
Info (12021): Found 2 design units, including 1 entities, in source file TargetScoreSetter.vhd
    Info (12022): Found design unit 1: TargetScoreSetter-Structural File: /home/penacho/LSD/LSD-final-project/Fase4/TargetScoreSetter.vhd Line: 14
    Info (12023): Found entity 1: TargetScoreSetter File: /home/penacho/LSD/LSD-final-project/Fase4/TargetScoreSetter.vhd Line: 5
Info (12021): Found 2 design units, including 1 entities, in source file ConfController.vhd
    Info (12022): Found design unit 1: ConfController-Structural File: /home/penacho/LSD/LSD-final-project/Fase4/ConfController.vhd Line: 18
    Info (12023): Found entity 1: ConfController File: /home/penacho/LSD/LSD-final-project/Fase4/ConfController.vhd Line: 4
Info (12021): Found 2 design units, including 1 entities, in source file BlinkGen.vhd
    Info (12022): Found design unit 1: BlinkGen-Behavioral File: /home/penacho/LSD/LSD-final-project/Fase4/BlinkGen.vhd Line: 13
    Info (12023): Found entity 1: BlinkGen File: /home/penacho/LSD/LSD-final-project/Fase4/BlinkGen.vhd Line: 5
Info (12127): Elaborating entity "ConfController" for the top level hierarchy
Info (12129): Elaborating entity "BlinkGen" using architecture "A:behavioral" for hierarchy "BlinkGen:one_sec_blinker" File: /home/penacho/LSD/LSD-final-project/Fase4/ConfController.vhd Line: 36
Info (12129): Elaborating entity "Debouncer" using architecture "A:behavioral" for hierarchy "Debouncer:debounce1" File: /home/penacho/LSD/LSD-final-project/Fase4/ConfController.vhd Line: 43
Info (12129): Elaborating entity "TargetScoreSetter" using architecture "A:structural" for hierarchy "TargetScoreSetter:target_setter" File: /home/penacho/LSD/LSD-final-project/Fase4/ConfController.vhd Line: 56
Info (12129): Elaborating entity "CounterNBits" using architecture "A:behavioral" for hierarchy "TargetScoreSetter:target_setter|CounterNBits:target_counter" File: /home/penacho/LSD/LSD-final-project/Fase4/TargetScoreSetter.vhd Line: 21
Info (12129): Elaborating entity "ScoreDisplay" using architecture "A:structural" for hierarchy "ScoreDisplay:target_display" File: /home/penacho/LSD/LSD-final-project/Fase4/ConfController.vhd Line: 64
Info (12129): Elaborating entity "Bin2BCD" using architecture "A:behavioral" for hierarchy "ScoreDisplay:target_display|Bin2BCD:bin2bcd" File: /home/penacho/LSD/LSD-final-project/Fase4/ScoreDisplay.vhd Line: 18
Info (12129): Elaborating entity "Bin7SegDecoder" using architecture "A:behavioral" for hierarchy "ScoreDisplay:target_display|Bin7SegDecoder:ten_7seg" File: /home/penacho/LSD/LSD-final-project/Fase4/ScoreDisplay.vhd Line: 25
Info (278001): Inferred 2 megafunctions from design logic
    Info (278004): Inferred divider/modulo megafunction ("lpm_divide") from the following logic: "ScoreDisplay:target_display|Bin2BCD:bin2bcd|Mod0" File: /home/penacho/LSD/LSD-final-project/Fase4/Bin2BCD.vhd Line: 18
    Info (278004): Inferred divider/modulo megafunction ("lpm_divide") from the following logic: "ScoreDisplay:target_display|Bin2BCD:bin2bcd|Div0" File: /home/penacho/LSD/LSD-final-project/Fase4/Bin2BCD.vhd Line: 19
Info (12130): Elaborated megafunction instantiation "ScoreDisplay:target_display|Bin2BCD:bin2bcd|lpm_divide:Mod0" File: /home/penacho/LSD/LSD-final-project/Fase4/Bin2BCD.vhd Line: 18
Info (12133): Instantiated megafunction "ScoreDisplay:target_display|Bin2BCD:bin2bcd|lpm_divide:Mod0" with the following parameter: File: /home/penacho/LSD/LSD-final-project/Fase4/Bin2BCD.vhd Line: 18
    Info (12134): Parameter "LPM_WIDTHN" = "7"
    Info (12134): Parameter "LPM_WIDTHD" = "7"
    Info (12134): Parameter "LPM_NREPRESENTATION" = "UNSIGNED"
    Info (12134): Parameter "LPM_DREPRESENTATION" = "UNSIGNED"
Info (12021): Found 1 design units, including 1 entities, in source file db/lpm_divide_o9m.tdf
    Info (12023): Found entity 1: lpm_divide_o9m File: /home/penacho/LSD/LSD-final-project/Fase4/db/lpm_divide_o9m.tdf Line: 25
Info (12021): Found 1 design units, including 1 entities, in source file db/sign_div_unsign_dkh.tdf
    Info (12023): Found entity 1: sign_div_unsign_dkh File: /home/penacho/LSD/LSD-final-project/Fase4/db/sign_div_unsign_dkh.tdf Line: 25
Info (12021): Found 1 design units, including 1 entities, in source file db/alt_u_div_e4f.tdf
    Info (12023): Found entity 1: alt_u_div_e4f File: /home/penacho/LSD/LSD-final-project/Fase4/db/alt_u_div_e4f.tdf Line: 27
Info (12021): Found 1 design units, including 1 entities, in source file db/add_sub_7pc.tdf
    Info (12023): Found entity 1: add_sub_7pc File: /home/penacho/LSD/LSD-final-project/Fase4/db/add_sub_7pc.tdf Line: 23
Info (12021): Found 1 design units, including 1 entities, in source file db/add_sub_8pc.tdf
    Info (12023): Found entity 1: add_sub_8pc File: /home/penacho/LSD/LSD-final-project/Fase4/db/add_sub_8pc.tdf Line: 23
Info (12130): Elaborated megafunction instantiation "ScoreDisplay:target_display|Bin2BCD:bin2bcd|lpm_divide:Div0" File: /home/penacho/LSD/LSD-final-project/Fase4/Bin2BCD.vhd Line: 19
Info (12133): Instantiated megafunction "ScoreDisplay:target_display|Bin2BCD:bin2bcd|lpm_divide:Div0" with the following parameter: File: /home/penacho/LSD/LSD-final-project/Fase4/Bin2BCD.vhd Line: 19
    Info (12134): Parameter "LPM_WIDTHN" = "7"
    Info (12134): Parameter "LPM_WIDTHD" = "4"
    Info (12134): Parameter "LPM_NREPRESENTATION" = "UNSIGNED"
    Info (12134): Parameter "LPM_DREPRESENTATION" = "UNSIGNED"
Info (12021): Found 1 design units, including 1 entities, in source file db/lpm_divide_ihm.tdf
    Info (12023): Found entity 1: lpm_divide_ihm File: /home/penacho/LSD/LSD-final-project/Fase4/db/lpm_divide_ihm.tdf Line: 25
Info (12021): Found 1 design units, including 1 entities, in source file db/sign_div_unsign_akh.tdf
    Info (12023): Found entity 1: sign_div_unsign_akh File: /home/penacho/LSD/LSD-final-project/Fase4/db/sign_div_unsign_akh.tdf Line: 25
Info (12021): Found 1 design units, including 1 entities, in source file db/alt_u_div_84f.tdf
    Info (12023): Found entity 1: alt_u_div_84f File: /home/penacho/LSD/LSD-final-project/Fase4/db/alt_u_div_84f.tdf Line: 27
Warning (13024): Output pins are stuck at VCC or GND
    Warning (13410): Pin "HEX0[0]" is stuck at GND File: /home/penacho/LSD/LSD-final-project/Fase4/ConfController.vhd Line: 9
    Warning (13410): Pin "HEX0[1]" is stuck at VCC File: /home/penacho/LSD/LSD-final-project/Fase4/ConfController.vhd Line: 9
    Warning (13410): Pin "HEX0[2]" is stuck at VCC File: /home/penacho/LSD/LSD-final-project/Fase4/ConfController.vhd Line: 9
    Warning (13410): Pin "HEX0[3]" is stuck at VCC File: /home/penacho/LSD/LSD-final-project/Fase4/ConfController.vhd Line: 9
    Warning (13410): Pin "HEX0[4]" is stuck at GND File: /home/penacho/LSD/LSD-final-project/Fase4/ConfController.vhd Line: 9
    Warning (13410): Pin "HEX0[5]" is stuck at GND File: /home/penacho/LSD/LSD-final-project/Fase4/ConfController.vhd Line: 9
    Warning (13410): Pin "HEX0[6]" is stuck at GND File: /home/penacho/LSD/LSD-final-project/Fase4/ConfController.vhd Line: 9
    Warning (13410): Pin "HEX1[0]" is stuck at VCC File: /home/penacho/LSD/LSD-final-project/Fase4/ConfController.vhd Line: 10
    Warning (13410): Pin "HEX1[1]" is stuck at VCC File: /home/penacho/LSD/LSD-final-project/Fase4/ConfController.vhd Line: 10
    Warning (13410): Pin "HEX1[2]" is stuck at GND File: /home/penacho/LSD/LSD-final-project/Fase4/ConfController.vhd Line: 10
    Warning (13410): Pin "HEX1[3]" is stuck at VCC File: /home/penacho/LSD/LSD-final-project/Fase4/ConfController.vhd Line: 10
    Warning (13410): Pin "HEX1[4]" is stuck at GND File: /home/penacho/LSD/LSD-final-project/Fase4/ConfController.vhd Line: 10
    Warning (13410): Pin "HEX1[5]" is stuck at VCC File: /home/penacho/LSD/LSD-final-project/Fase4/ConfController.vhd Line: 10
    Warning (13410): Pin "HEX1[6]" is stuck at GND File: /home/penacho/LSD/LSD-final-project/Fase4/ConfController.vhd Line: 10
    Warning (13410): Pin "HEX2[0]" is stuck at VCC File: /home/penacho/LSD/LSD-final-project/Fase4/ConfController.vhd Line: 11
    Warning (13410): Pin "HEX2[1]" is stuck at VCC File: /home/penacho/LSD/LSD-final-project/Fase4/ConfController.vhd Line: 11
    Warning (13410): Pin "HEX2[2]" is stuck at GND File: /home/penacho/LSD/LSD-final-project/Fase4/ConfController.vhd Line: 11
    Warning (13410): Pin "HEX2[3]" is stuck at GND File: /home/penacho/LSD/LSD-final-project/Fase4/ConfController.vhd Line: 11
    Warning (13410): Pin "HEX2[4]" is stuck at GND File: /home/penacho/LSD/LSD-final-project/Fase4/ConfController.vhd Line: 11
    Warning (13410): Pin "HEX2[5]" is stuck at VCC File: /home/penacho/LSD/LSD-final-project/Fase4/ConfController.vhd Line: 11
    Warning (13410): Pin "HEX2[6]" is stuck at GND File: /home/penacho/LSD/LSD-final-project/Fase4/ConfController.vhd Line: 11
    Warning (13410): Pin "HEX3[0]" is stuck at GND File: /home/penacho/LSD/LSD-final-project/Fase4/ConfController.vhd Line: 12
    Warning (13410): Pin "HEX3[1]" is stuck at VCC File: /home/penacho/LSD/LSD-final-project/Fase4/ConfController.vhd Line: 12
    Warning (13410): Pin "HEX3[2]" is stuck at VCC File: /home/penacho/LSD/LSD-final-project/Fase4/ConfController.vhd Line: 12
    Warning (13410): Pin "HEX3[3]" is stuck at GND File: /home/penacho/LSD/LSD-final-project/Fase4/ConfController.vhd Line: 12
    Warning (13410): Pin "HEX3[4]" is stuck at GND File: /home/penacho/LSD/LSD-final-project/Fase4/ConfController.vhd Line: 12
    Warning (13410): Pin "HEX3[5]" is stuck at GND File: /home/penacho/LSD/LSD-final-project/Fase4/ConfController.vhd Line: 12
    Warning (13410): Pin "HEX3[6]" is stuck at VCC File: /home/penacho/LSD/LSD-final-project/Fase4/ConfController.vhd Line: 12
Info (286030): Timing-Driven Synthesis is running
Info (16010): Generating hard_block partition "hard_block:auto_generated_inst"
    Info (16011): Adding 0 node(s), including 0 DDIO, 0 PLL, 0 transceiver and 0 LCELL
Info (21057): Implemented 257 device resources after synthesis - the final resource count might be different
    Info (21058): Implemented 3 input pins
    Info (21059): Implemented 42 output pins
    Info (21061): Implemented 212 logic cells
Info: Quartus Prime Analysis & Synthesis was successful. 0 errors, 30 warnings
    Info: Peak virtual memory: 479 megabytes
    Info: Processing ended: Wed May 29 15:51:08 2024
    Info: Elapsed time: 00:00:07
    Info: Total CPU time (on all processors): 00:00:17


